// Jest Snapshot v1, https://goo.gl/fbAQLP

exports[`should render the header 1`] = `
Object {
  "asFragment": [Function],
  "baseElement": <body>
    <div>
      <div
        class="header-section flex"
      >
        <div
          class="logo"
        >
          <img
            alt="logo-img"
            class="logo-img"
            src="https://cdn-icons-png.flaticon.com/512/3212/3212567.png"
          />
          <span
            class="fs-3"
          >
             Space Traveler's Hub 
          </span>
        </div>
        <ul
          class="nav-links flex"
        >
          <li>
            <a
              aria-current="page"
              class="active-link"
              href="/"
            >
              Rockets
            </a>
          </li>
          <li>
            <a
              href="/missions"
            >
              Missions
            </a>
          </li>
          <li>
            <a
              href="/profile"
            >
              My Profile
            </a>
          </li>
        </ul>
      </div>
    </div>
  </body>,
  "container": <div>
    <div
      class="header-section flex"
    >
      <div
        class="logo"
      >
        <img
          alt="logo-img"
          class="logo-img"
          src="https://cdn-icons-png.flaticon.com/512/3212/3212567.png"
        />
        <span
          class="fs-3"
        >
           Space Traveler's Hub 
        </span>
      </div>
      <ul
        class="nav-links flex"
      >
        <li>
          <a
            aria-current="page"
            class="active-link"
            href="/"
          >
            Rockets
          </a>
        </li>
        <li>
          <a
            href="/missions"
          >
            Missions
          </a>
        </li>
        <li>
          <a
            href="/profile"
          >
            My Profile
          </a>
        </li>
      </ul>
    </div>
  </div>,
  "debug": [Function],
  "findAllByAltText": [Function],
  "findAllByDisplayValue": [Function],
  "findAllByLabelText": [Function],
  "findAllByPlaceholderText": [Function],
  "findAllByRole": [Function],
  "findAllByTestId": [Function],
  "findAllByText": [Function],
  "findAllByTitle": [Function],
  "findByAltText": [Function],
  "findByDisplayValue": [Function],
  "findByLabelText": [Function],
  "findByPlaceholderText": [Function],
  "findByRole": [Function],
  "findByTestId": [Function],
  "findByText": [Function],
  "findByTitle": [Function],
  "getAllByAltText": [Function],
  "getAllByDisplayValue": [Function],
  "getAllByLabelText": [Function],
  "getAllByPlaceholderText": [Function],
  "getAllByRole": [Function],
  "getAllByTestId": [Function],
  "getAllByText": [Function],
  "getAllByTitle": [Function],
  "getByAltText": [Function],
  "getByDisplayValue": [Function],
  "getByLabelText": [Function],
  "getByPlaceholderText": [Function],
  "getByRole": [Function],
  "getByTestId": [Function],
  "getByText": [Function],
  "getByTitle": [Function],
  "queryAllByAltText": [Function],
  "queryAllByDisplayValue": [Function],
  "queryAllByLabelText": [Function],
  "queryAllByPlaceholderText": [Function],
  "queryAllByRole": [Function],
  "queryAllByTestId": [Function],
  "queryAllByText": [Function],
  "queryAllByTitle": [Function],
  "queryByAltText": [Function],
  "queryByDisplayValue": [Function],
  "queryByLabelText": [Function],
  "queryByPlaceholderText": [Function],
  "queryByRole": [Function],
  "queryByTestId": [Function],
  "queryByText": [Function],
  "queryByTitle": [Function],
  "rerender": [Function],
  "unmount": [Function],
}
`;
